// Jest Snapshot v1, https://goo.gl/fbAQLP

exports[`Given the Table component should render the expected markup 1`] = `
<div
  className="container"
>
  Hello world!
</div>
`;
